Thrille:Starting Default thriller...
Thrille:Starting Serializer Thriller...
Thrille:Starting *relaxed* serializer handler...
Relaxed Logger engaged
Thread 0 was scheduled 47 times
Thread 1 was scheduled 3 times
Thrille:Ending *relaxed* serializer handler...
Thrille:Ending Serializer Thriller...
Thrille:Ending Default thriller...
Number of Context Switches: 2
Number of Preemptions: 0
Closing log
