Thrille:Starting Default thriller...
Thrille:Starting Serializer Thriller...
Thrille:Starting *relaxed* serializer handler...
Relaxed Logger engaged
ExecTracker: safe assert fail: safe_assert(canContinueSchedule):
