Thrille:Starting Default thriller...
Thrille:Starting Serializer Thriller...
Thrille:Starting *relaxed* serializer handler...
Relaxed Logger engaged
Context Switch because Thread 0 hit ctxtpoint
Thread 0 was scheduled 44 times
Thread 1 has run out of times to be scheduled
Thread 1 was scheduled 3 times
Thread 0 is scheduling at a Before Join (addr: 0x400ec6)
Thrille:Ending *relaxed* serializer handler...
Thrille:Ending Serializer Thriller...
Thrille:Ending Default thriller...
Number of Context Switches: 2
Number of Preemptions: 1
