Thrille:Starting Default thriller...
Thrille:Starting Serializer Thriller...
Thrille:Starting *relaxed* serializer handler...
Logger: Relaxed Logger engaged
Context Switch because Thread 0 hit ctxtpoint
Thread 0 was scheduled 48 times
Thread 1 has run out of times to be scheduled
Thread 1 was scheduled 3 times
x is 7
Thrille:Ending *relaxed* serializer handler...
Thrille:Ending Serializer Thriller...
Thrille:Ending Default thriller...
Number of Context Switches: 2
Number of Preemptions: 1
Closing log
