Signalling: 4
ExecTracker: safe assert fail: safe_assert(s->cond_map[target] == s->cond): 
