x is 1
Number of Context Switches: 2
Number of Preemptions: 0
