x is 3
Number of Context Switches: 2
Number of Preemptions: 0
