x is 0
Number of Context Switches: 4
Number of Preemptions: 1
