Number of Context Switches: 7
Number of Preemptions: 1
