Thrille: WARNING thread 1 is not finished
Thrille: WARNING thread 2 is not finished
