x is 3
Number of Context Switches: 4
Number of Preemptions: 0
