Number of Context Switches: 0
Number of Preemptions: 0
