/home/jalbert/thrille/trunk/thrille/tests/serializer/test//21.cpp:51
addr2line -e 21 0x4022df
