Thrille:Starting Default thriller...
Thrille:Starting Serializer Thriller...
Thread 0 is scheduling at a Before Mutex Lock (addr: 0x400ee8) (scheduling: 0)
Thread 0 is scheduling at a After Mutex Unlock (addr: 0x400ef2) (scheduling: 0)
ExecTracker: safe assert fail: safe_assert(goodMutexattr): 
