Thrille:Starting Default thriller...
Thrille:Starting Serializer Thriller...
LOG: thread 0 is before lock id 0x400d66 
Thrille:Ending Serializer Thriller...
Thrille:Ending Default thriller...
