ExecTracker: safe assert fail: safe_assert(condHasNotBeenDestroyed): 
