Thrille:Ending Serializer Thriller...
Thrille:Ending Default thriller...
Number of Context Switches: 0
Number of Preemptions: 0
