Race: RaceRecord(0x400df5, 0x400ed7)
Race Events: 16
