Race: RaceRecord(0x400df5, 0x400ec5)
Race Events: 16
