Race: RaceRecord(0x400e5f, 0x400f7a)
Race Events: 16
