Race: RaceRecord(0x400e5f, 0x400e74)
Race: RaceRecord(0x400e74, 0x400e74)
Race Events: 21
