Race: RaceRecord(0x400f0f, 0x400fa8)
Race Events: 23
