Race: RaceRecord(0x400df5, 0x400efc)
Race: RaceRecord(0x400d85, 0x400efc)
Race Events: 20
