Race: LockRaceRecord(0x400de6, 0x400ec0)
Data Race Events: 16
Lock Race Events: 23
