Race: DataRaceRecord(0x400df5, 0x400ec5)
Race: LockRaceRecord(0x400de6, 0x400ed9)
Data Race Events: 16
Lock Race Events: 23
