No races discovered
Data Race Events: 16
Lock Race Events: 23
