Race: DataRaceRecord(0x400e5f, 0x400f7a)
Race: LockRaceRecord(0x400e46, 0x400f6b)
Data Race Events: 16
Lock Race Events: 23
