No races discovered
Data Race Events: 17
Lock Race Events: 21
