Race: DataRaceRecord(0x400f3b, 0x4010a0)
Race: LockRaceRecord(0x400f4f, 0x400fc8)
Data Race Events: 29
Lock Race Events: 23
