No races discovered
Data Race Events: 14
Lock Race Events: 23
